C51 COMPILER V9.54   MAIN                                                                  11/08/2022 17:12:45 PAGE 1   


C51 COMPILER V9.54, COMPILATION OF MODULE MAIN
OBJECT MODULE PLACED IN .\Objects\hex\main.obj
COMPILER INVOKED BY: D:\software\keil5\C51\BIN\C51.EXE Objects\code\main.c OPTIMIZE(8,SPEED) BROWSE INCDIR(..\..\lib\tan
                    -gsanglib) DEBUG OBJECTEXTEND PRINT(.\Listings\main.lst) TABS(2) OBJECT(.\Objects\hex\main.obj)

line level    source

   1          #include <REGX52.H>
   2          #include "c51tangsang.h"
   3          #include <stdio.h>
   4          sbit RCK  = P3^5;  //RCLK
   5          sbit SRCK = P3^6;  //时钟 SRCLK
   6          sbit SER  = P3^4;  //串行数据 SER
   7          //写入数据
   8          void show_clum(unsigned char,unsigned char);
   9          static void write_byte(unsigned char);
  10          //此处阳极给1选中，行为共阳连接.
  11          static void write_byte(unsigned char byte)
  12          {
  13   1        unsigned char i;
  14   1        //把数据放进寄存器，寄存器为不可位操作寄存器利用& |压栈式赋值
  15   1        for(i=0;i<8;i++)
  16   1        {
  17   2          //把最高位取出来
  18   2          SER =byte&(0x80>>i);
  19   2        }
  20   1        
  21   1        //需要一个上升沿才能传入数据
  22   1        SER =1;
  23   1        //传入数据后让io保持低电平，为下一次传入数据做准备(下一次上升沿)
  24   1        SER =0;
  25   1      }
  26          void show_clum(unsigned char clum,unsigned char Data)
  27          {
  28   1        write_byte(Data);
  29   1        P0=~(0x80>>(clum-1));
  30   1        //列为共阴极给0选中
  31   1      }
  32          void main()
  33          {
  34   1        //上电之后单片机的所有io都是高电平
  35   1        SER = 0;
  36   1        RCK = 0;
  37   1        delay(100);
  38   1        show_clum(4,0xAA);
  39   1        while(1)
  40   1        {
  41   2          
  42   2        }
  43   1      }


MODULE INFORMATION:   STATIC OVERLAYABLE
   CODE SIZE        =     88    ----
   CONSTANT SIZE    =   ----    ----
   XDATA SIZE       =   ----    ----
   PDATA SIZE       =   ----    ----
   DATA SIZE        =   ----    ----
   IDATA SIZE       =   ----    ----
   BIT SIZE         =   ----    ----
END OF MODULE INFORMATION.

C51 COMPILER V9.54   MAIN                                                                  11/08/2022 17:12:45 PAGE 2   


C51 COMPILATION COMPLETE.  0 WARNING(S),  0 ERROR(S)
