C51 COMPILER V9.54   THE_AUTO_TURN_WHERE                                                   02/18/2023 16:47:36 PAGE 1   


C51 COMPILER V9.54, COMPILATION OF MODULE THE_AUTO_TURN_WHERE
OBJECT MODULE PLACED IN .\Objects\hex\the_auto_turn_where.obj
COMPILER INVOKED BY: D:\software\keil5\C51\BIN\C51.EXE code\the_auto_turn_where.c OPTIMIZE(8,SPEED) BROWSE DEBUG OBJECTE
                    -XTEND PRINT(.\Listings\the_auto_turn_where.lst) OBJECT(.\Objects\hex\the_auto_turn_where.obj)

line level    source

   1          #include "the_auto_turn_where.h"
   2          
   3          unsigned char  State_In1_left_front = 1;
   4          unsigned char  State_In2_left_front = 1;
   5          unsigned char  State_In1_right_front = 1;
   6          unsigned char  State_In2_right_front = 1;
   7          unsigned char  State_In1_left_behind = 1;
   8          unsigned char  State_In2_left_behind = 1;
   9          unsigned char  State_In1_right_behind = 1;
  10          unsigned char  State_In2_right_behind = 1;
  11          
  12          //具体运动轨迹没有测试，以下各个参数均没有测试。
  13          void go_along (void)
  14          {
  15   1              //向钱移动
  16   1              State_In1_left_front = 1;
  17   1              State_In2_left_front = 0;
  18   1              State_In1_right_front = 0;
  19   1              State_In2_right_front = 1;
  20   1              State_In1_left_behind = 0;
  21   1              State_In2_left_behind = 1;
  22   1              State_In1_right_behind = 1;
  23   1              State_In2_right_behind = 0;
  24   1      }
  25          void go_back (void)
  26          {
  27   1              //向后移动
  28   1              State_In1_left_front = 0;
  29   1              State_In2_left_front = 1;
  30   1              State_In1_right_front = 1;
  31   1              State_In2_right_front = 0;
  32   1              State_In1_left_behind = 1;
  33   1              State_In2_left_behind = 0;
  34   1              State_In1_right_behind = 0;
  35   1              State_In2_right_behind = 1;
  36   1      }
  37          void go_left(void)
  38          {
  39   1              //向左移动
  40   1              State_In1_left_front = 1;
  41   1              State_In2_left_front = 0;
  42   1              State_In1_right_front = 1;
  43   1              State_In2_right_front = 0;
  44   1              State_In1_left_behind = 1;
  45   1              State_In2_left_behind = 0;
  46   1              State_In1_right_behind =1;
  47   1              State_In2_right_behind = 0;
  48   1      }
  49          void go_right(void)
  50          {
  51   1              //向右移动
  52   1              State_In1_left_front = 0;
  53   1              State_In2_left_front = 1;
  54   1              State_In1_right_front = 0;
C51 COMPILER V9.54   THE_AUTO_TURN_WHERE                                                   02/18/2023 16:47:36 PAGE 2   

  55   1              State_In2_right_front = 1;
  56   1              State_In1_left_behind = 0;
  57   1              State_In2_left_behind = 1;
  58   1              State_In1_right_behind = 0;
  59   1              State_In2_right_behind = 1;
  60   1      }
  61          void turn_left(void)
  62          {
  63   1              //左转
  64   1              State_In1_left_front = 0;
  65   1              State_In2_left_front = 1;
  66   1              State_In1_right_front = 0;
  67   1              State_In2_right_front = 1;
  68   1              State_In1_left_behind = 1;
  69   1              State_In2_left_behind = 0;
  70   1              State_In1_right_behind = 1;
  71   1              State_In2_right_behind = 0;
  72   1      }
  73          void turn_right(void)
  74          {
  75   1              //右转
  76   1              State_In1_left_front = 1;
  77   1              State_In2_left_front = 0;
  78   1              State_In1_right_front = 1;
  79   1              State_In2_right_front = 0;
  80   1              State_In1_left_behind = 0;
  81   1              State_In2_left_behind = 1;
  82   1              State_In1_right_behind = 0;
  83   1              State_In2_right_behind = 1;
  84   1      }
  85          void stop(void)
  86          {
  87   1              //停止
  88   1              State_In1_left_front = 0;
  89   1              State_In2_left_front = 0;
  90   1              State_In1_right_front = 0;
  91   1              State_In2_right_front = 0;
  92   1              State_In1_left_behind = 0;
  93   1              State_In2_left_behind = 0;
  94   1              State_In1_right_behind = 0;
  95   1              State_In2_right_behind = 0;
  96   1      }
  97          void brake(void)
  98          {
  99   1              //刹车
 100   1              State_In1_left_front = 1;
 101   1              State_In2_left_front = 1;
 102   1              State_In1_right_front = 1;
 103   1              State_In2_right_front = 1;
 104   1              State_In1_left_behind = 1;
 105   1              State_In2_left_behind = 1;
 106   1              State_In1_right_behind = 1;
 107   1              State_In2_right_behind = 1;
 108   1      }


MODULE INFORMATION:   STATIC OVERLAYABLE
   CODE SIZE        =    175    ----
   CONSTANT SIZE    =   ----    ----
   XDATA SIZE       =   ----    ----
   PDATA SIZE       =   ----    ----
   DATA SIZE        =      8    ----
C51 COMPILER V9.54   THE_AUTO_TURN_WHERE                                                   02/18/2023 16:47:36 PAGE 3   

   IDATA SIZE       =   ----    ----
   BIT SIZE         =   ----    ----
END OF MODULE INFORMATION.


C51 COMPILATION COMPLETE.  0 WARNING(S),  0 ERROR(S)
