C51 COMPILER V9.54   MAIN                                                                  01/03/2023 18:06:20 PAGE 1   


C51 COMPILER V9.54, COMPILATION OF MODULE MAIN
OBJECT MODULE PLACED IN .\hex\main.obj
COMPILER INVOKED BY: D:\software\keil5\C51\BIN\C51.EXE code\main.c OPTIMIZE(8,SPEED) BROWSE DEBUG OBJECTEXTEND PRINT(.\L
                    -istings\main.lst) OBJECT(.\hex\main.obj)

line level    source

   1          #include <intrins.h>
   2          #include "c51tangsang.h"
   3          #include "LCD1602_b.h"
   4          
   5          char counter=0,counpare=0,button=0;
   6          
   7          
   8          
   9          void time_0_ms() interrupt 1
  10          {
  11   1          TH0=64535/256;
  12   1          TL0=64535%256;
  13   1          counter++;
  14   1              counter%=100;
  15   1          if(counter<counpare)
  16   1          {
  17   2              P1_0=1;
  18   2          }
  19   1          else
  20   1          {
  21   2              P1_0=0;
  22   2          }
  23   1      
  24   1      }
  25          
  26          
  27          
  28          int main()
  29          {
  30   1          LCD_Init();
  31   1          time_0_ms_init();
  32   1              while(1)
  33   1              {
  34   2              LCD_ShowNum(1,2,button,1);
  35   2              if(buttom_getstate_4())
  36   2              button++;
  37   2              button%=4;
  38   2              if(button==1){counpare=35;}
  39   2              if(button==2){counpare=70;}
  40   2              if(button==3){counpare=100;}
  41   2              if(button==0){counpare=0;}
  42   2              }
  43   1      }


MODULE INFORMATION:   STATIC OVERLAYABLE
   CODE SIZE        =    169    ----
   CONSTANT SIZE    =   ----    ----
   XDATA SIZE       =   ----    ----
   PDATA SIZE       =   ----    ----
   DATA SIZE        =      3    ----
   IDATA SIZE       =   ----    ----
   BIT SIZE         =   ----    ----
END OF MODULE INFORMATION.

C51 COMPILER V9.54   MAIN                                                                  01/03/2023 18:06:20 PAGE 2   


C51 COMPILATION COMPLETE.  0 WARNING(S),  0 ERROR(S)
