C51 COMPILER V9.54   MAIN                                                                  11/13/2022 16:25:08 PAGE 1   


C51 COMPILER V9.54, COMPILATION OF MODULE MAIN
OBJECT MODULE PLACED IN .\Objects\hex\main.obj
COMPILER INVOKED BY: D:\software\keil5\C51\BIN\C51.EXE Objects\code\main.c OPTIMIZE(8,SPEED) BROWSE DEBUG OBJECTEXTEND P
                    -RINT(.\Listings\main.lst) TABS(2) OBJECT(.\Objects\hex\main.obj)

line level    source

   1          #include <REGX52.H>
   2          #include <intrins.h>
   3          #include "c51tangsang.h"
   4          #include "lcd1602.h"
   5          
   6          
   7          void beep(uint i);
   8          
   9          
  10          void main()
  11          {
  12   1        //i->一次响的长度，，，j-> 每次响声间隔时间
  13   1      //  static uint i=200,j=200;
  14   1        static uint i=200;
  15   1        while(1)
  16   1        {
  17   2      //    beep(i);
  18   2      //    if(j)
  19   2      //    {
  20   2      //      delay(j-=1);
  21   2      //    }
  22   2      //    else
  23   2      //    {
  24   2      //      delay(0);
  25   2      //    }
  26   2          beep(i);
  27   2          i=0;
  28   2          
  29   2          
  30   2          
  31   2        }
  32   1      }
  33          
  34          
  35          
  36          
  37          
  38          
  39          
  40          
  41          
  42          
  43          
  44          
  45          
  46          
  47          //void main()
  48          //{
  49          //  int i;
  50          //  while(1)
  51          //  {
  52          //    for(i=0;i<16;i++)
  53          //    {
  54          //      show_digital((i%8)+1,i);
C51 COMPILER V9.54   MAIN                                                                  11/13/2022 16:25:08 PAGE 2   

  55          //      delay(100);
  56          //    }
  57          //  }
  58          //}


MODULE INFORMATION:   STATIC OVERLAYABLE
   CODE SIZE        =     14    ----
   CONSTANT SIZE    =   ----    ----
   XDATA SIZE       =   ----    ----
   PDATA SIZE       =   ----    ----
   DATA SIZE        =      2    ----
   IDATA SIZE       =   ----    ----
   BIT SIZE         =   ----    ----
END OF MODULE INFORMATION.


C51 COMPILATION COMPLETE.  0 WARNING(S),  0 ERROR(S)
